// Jest Snapshot v1, https://goo.gl/fbAQLP

exports[`snapshot ToolHeader component 1`] = `
<header>
  <h1>
    The Tool
  </h1>
</header>
`;
